// Jest Snapshot v1, https://goo.gl/fbAQLP

exports[`should render ExpenseListItem with expense 1`] = `
<div>
  <h3>
    <Link
      state={
        Object {
          "id": "2",
        }
      }
      to="/edit/2"
    >
      gas
    </Link>
  </h3>
  <p>
    Amount: 
    $19.00
    - Created At: 
    December 27th, 1969
  </p>
</div>
`;
