// Jest Snapshot v1, https://goo.gl/fbAQLP

exports[`should render header correctly 1`] = `
<header>
  <h1>
    Expensify
  </h1>
  <nav>
    <ul>
      <li>
        <NavLink
          className={[Function]}
          to="/dashboard"
        >
          Dashboard
        </NavLink>
      </li>
      <li>
        <NavLink
          className={[Function]}
          to="create"
        >
          Create Expense
        </NavLink>
      </li>
      <li>
        <NavLink
          className={[Function]}
          to="help"
        >
          Help
        </NavLink>
      </li>
      <li>
        <button
          onClick={[Function]}
        >
          Logout
        </button>
      </li>
    </ul>
  </nav>
</header>
`;
